flutter : Support for 
Android x86 targets will be 
removed in the next stable 
release after 3.27. See https
://github.com/flutter/flutter
/issues/157543 for details.
At line:1 char:1
+ flutter build apk --debug 
2>&1 | Out-File -FilePath 
build_output.txt  ...
+ ~~~~~~~~~~~~~~~~~~~~~~~~~~~
~~~
    + CategoryInfo           
   : NotSpecified: (Support  
   for And...43 for detail   
 s.:String) [], RemoteExc    
eption
    + FullyQualifiedErrorId  
   : NativeCommandError
 
Running Gradle task 'assembleDebug'...                          
Your project is configured 
with Android NDK 
26.3.11579264, but the 
following plugin(s) depend 
on a different Android NDK 
version:
- cloud_firestore requires 
Android NDK 27.0.12077973
- firebase_auth requires 
Android NDK 27.0.12077973
- firebase_core requires 
Android NDK 27.0.12077973
- firebase_messaging 
requires Android NDK 
27.0.12077973
- path_provider_android 
requires Android NDK 
27.0.12077973
- sqflite_android requires 
Android NDK 27.0.12077973
Fix this issue by using the 
highest Android NDK version 
(they are backward 
compatible).
Add the following to C:\Users
\srira\OneDrive\Desktop\conco
rd\android\app\build.gradle.k
ts:

    android {
        ndkVersion = 
"27.0.12077973"
        ...
    }
Note: Some input files use 
or override a deprecated API.
Note: Recompile with 
-Xlint:deprecation for 
details.
Running Gradle task 'assembleDebug'...                            397.6s
ÔêÜ Built build\app\outputs\flutter-apk\app-debug.apk
